13
0
1
HELLO
HELLO
HELLO WORLD
hello
hello
hello world
spaces
no_spaces


false
true
olleh

a
edcba
42
0
-7
0
3.14
0.0
0.0
true
false
true
true
true
false
true
true
false
true
true
true
false
true
2
4
-1
0
0
4
a
d
3
hello
world
foo
3
a
b
c
1
hello
hello vek
bbb
hello
aBc
el
hello
llo

hahaha
xxxxx
abc


abababab
00042
hello
   hi
xxxabc
000
42000
hello
hi   
abcxxx
000
3
97
98
99
0
3
97
98
99
65
3
a
b
c
0
